17:00:21 **** Incremental Build of configuration Debug for project tactile_sense_proto1 ****
make -j11 all 
arm-none-eabi-gcc "../Core/Src/main.c" -mcpu=cortex-m0plus -std=gnu11 -g3 -DDEBUG -DUSE_HAL_DRIVER -DSTM32G030xx -c -I../Core/Inc -I../Drivers/STM32G0xx_HAL_Driver/Inc -I../Drivers/STM32G0xx_HAL_Driver/Inc/Legacy -I../Drivers/CMSIS/Device/ST/STM32G0xx/Include -I../Drivers/CMSIS/Include -O0 -ffunction-sections -fdata-sections -Wall -fstack-usage -fcyclomatic-complexity -MMD -MP -MF"Core/Src/main.d" -MT"Core/Src/main.o" --specs=nano.specs -mfloat-abi=soft -mthumb -o "Core/Src/main.o"
arm-none-eabi-gcc -o "tactile_sense_proto1.elf" @"objects.list"   -mcpu=cortex-m0plus -T"/Users/acerruto/git/Crochet/tactile_sense/tactile_sense_proto1/STM32G030F6PX_FLASH.ld" --specs=nosys.specs -Wl,-Map="tactile_sense_proto1.map" -Wl,--gc-sections -static --specs=nano.specs -mfloat-abi=soft -mthumb -Wl,--start-group -lc -lm -Wl,--end-group
Finished building target: tactile_sense_proto1.elf
 
arm-none-eabi-size  tactile_sense_proto1.elf 
arm-none-eabi-objdump -h -S tactile_sense_proto1.elf  > "tactile_sense_proto1.list"
   text	   data	    bss	    dec	    hex	filename
  18644	     12	   1988	  20644	   50a4	tactile_sense_proto1.elf
Finished building: default.size.stdout
 
Finished building: tactile_sense_proto1.list
 

17:00:22 Build Finished. 0 errors, 0 warnings. (took 696ms)

